✖ late audit notification continuation preserves unread reports and resumes native final-outcome reporting (36.399231ms)
ℹ tests 1
ℹ suites 0
ℹ pass 0
ℹ fail 1
ℹ cancelled 0
ℹ skipped 0
ℹ todo 0
ℹ duration_ms 135.841913

✖ failing tests:

test at scripts/wake-receipt.test.ts:420:1
✖ late audit notification continuation preserves unread reports and resumes native final-outcome reporting (36.399231ms)
  AssertionError [ERR_ASSERTION]: The input did not match the regular expression /AGENTS\.md section 9/. Input:

  'firstmate: 1 unhandled crew wake(s) for this captain. Call firstmate_wake with ack=true, handle all reports, then pass handledWake on the final successful Firstmate action or firstmate_wake.\n'

      at TestContext.<anonymous> (file:///root/github_projects/bb-plugin-firstmate-launch-pr-lifecycle/scripts/wake-receipt.test.ts:431:10)
      at Test.runInAsyncScope (node:async_hooks:227:14)
      at Test.run (node:internal/test_runner/test:1325:25)
      at Test.start (node:internal/test_runner/test:1191:17)
      at startSubtestAfterBootstrap (node:internal/test_runner/harness:385:17) {
    generatedMessage: true,
    code: 'ERR_ASSERTION',
    actual: 'firstmate: 1 unhandled crew wake(s) for this captain. Call firstmate_wake with ack=true, handle all reports, then pass handledWake on the final successful Firstmate action or firstmate_wake.\n',
    expected: /AGENTS\.md section 9/,
    operator: 'match',
    diff: 'simple'
  }
