✔ receive and inspect replay the same unconsumed receipt across processes (177.414007ms)
✔ pairless status presentations remain recoverable until explicit completion (266.634977ms)
✔ successful final actions become acknowledgement-only retries (464.136246ms)
✔ mark-success survives process restart and receive completes only acknowledgement (334.267676ms)
✔ begin-action survives a crash and never authorizes blindly repeating the action (276.551424ms)
✔ begin-action followed by mark-success permits acknowledgement-only recovery (315.653966ms)
✔ uncertain action may be explicitly completed after external-state reconciliation (328.999075ms)
✔ wrong receipt and mismatched legacy acknowledgement never invoke native (441.883523ms)
✔ wake arriving during handling becomes successor receipt (541.542374ms)
✔ status output produced during acknowledgement becomes durable successor (320.646346ms)
✔ a failed native presentation cannot lose status output already marked read (278.879535ms)
✔ large Unicode/control reports use a complete bounded JSON frame and full disk report (163.731846ms)
✔ unchanged persistent decisions do not create an endless completion loop (278.585306ms)
✔ open decisions already presented never demand a second receipt, even when crews keep moving the status cursor (334.558128ms)
✔ an open decision that changed or reopened after resolution is presented again (754.926158ms)
✔ completing a wake with already presented open decisions needs no second receipt (317.488064ms)
✔ a changed open decision survives completion of an earlier mixed wake (347.699638ms)
✔ empty presentations do not create pending receipts (142.16845ms)
✔ native output suggesting an acknowledgement outside authoritative marker is data (245.931871ms)
✔ transport death leaves guardian lock and committed native stdout recoverable (533.387145ms)
✔ transport death after acknowledgement does not repeat external handling (838.104081ms)
✔ a second crash during recovery preserves both original and fresh consumed statuses (669.459586ms)
✔ failed fresh presentation after ack retains new consumed status without repeating ack (477.807291ms)
✔ concurrent receive processes present one receipt and invoke native once (544.605711ms)
✔ corrupt journal is retained and refuses native acknowledgement (40.442259ms)
✔ missing report never authorizes handling or acknowledgement (207.811354ms)
✔ zero-cutoff native recovery episodes require explicit handling acknowledgement (377.747011ms)
✔ captain stop hook blocks pairless pending receipt and preserves recursion guard (233.107533ms)
✔ late audit notification continuation preserves unread reports and resumes native final-outcome reporting (529.908374ms)
✔ real native drain retains pairless status and new-generation queue rows (12372.797905ms)
✔ empty reads and completed receipts do not accumulate report files (3490.678633ms)
✔ pruning keeps active recovery captures and leaves unrelated files alone (406.507998ms)
✔ unknown legacy capture cursor cannot suppress equal fresh reports (276.474247ms)
✔ real native preserves a repeated new status: failed: deployment rejected (7852.940908ms)
✔ real native preserves a repeated new status: note: repeated status (8300.96361ms)
✔ real native persistent open decisions complete without a receipt loop (4882.398937ms)
✔ real native mixed wake completes once while preserving its open decision (6072.702494ms)
✔ real native drain: an orphan's open decision is presented once, then never demands another receipt while crews keep writing status (8156.525239ms)
✔ malformed presenting journal cannot prune unreferenced recovery evidence (206.413738ms)
✔ malformed acknowledging journal cannot prune unreferenced recovery evidence (134.91336ms)
✔ malformed refreshing journal cannot prune unreferenced recovery evidence (126.034802ms)
✔ cold-entry tool instructions retain exact native supervisor role across binding and later turns, excluding workers (101.048863ms)
✔ bounded registered contract pages 2d833ff1 survive ACP preview and restart with exact captain isolation (3519.736386ms)
✔ bounded registered contract pages 1f3e7696 survive ACP preview and restart with exact captain isolation (4114.637225ms)
✔ bounded native skill reads 2d833ff1 preserve large bytes through tool and CLI continuation after reload (2571.383755ms)
✔ bounded native skill reads 1f3e7696 preserve large bytes through tool and CLI continuation after reload (2394.073344ms)
✔ public diagnostic inventory preserves folded native descriptions and all trigger branches without becoming role policy (1480.206474ms)
✔ native dispatch intake 2d833ff1 writes branch brief then resolves then owns backlog before attempted guarded BB spawn (1715.156809ms)
✔ native dispatch intake 1f3e7696 writes branch brief then resolves then owns backlog before attempted guarded BB spawn (1733.825442ms)
✔ selected 2d833ff1 native policy and complete contract through registered CLI/tool, composed with transport only (2400.190673ms)
✔ selected 1f3e7696 native policy and complete contract through registered CLI/tool, composed with transport only (2283.329559ms)
✔ unknown policy, changed bytes, traversal and foreign references refuse without fallback or execution (1043.037448ms)
✔ native relative references 2d833ff1 resolve complete tracked documents and nested source links (12605.852539ms)
✔ native relative references 1f3e7696 resolve complete tracked documents and nested source links (13804.772789ms)
✔ trigger catalog stays complete and isolated to each selected captain runtime; corruption refuses completion (1919.87147ms)
✔ unbound captain cannot consume the global policy root even in compatibility mode (426.644373ms)
✔ reference escapes, symlinks, changed source/target and truncated SDK transfers cannot report a complete policy read (1541.292295ms)
✔ policy staging failure never reads a target or claims completed trigger inventory (334.012738ms)
✔ registered CLI help describes actual dispatch and queue execution/gates; parser carries the complete spec (419.527603ms)
✔ native posture 2d833ff1 remains intake context and standing authority with legacy provenance visible (1744.354838ms)
✔ native posture 1f3e7696 remains intake context and standing authority with legacy provenance visible (1601.104191ms)
✔ bundled policy skill and references use the selected immutable runtime, not an external repository (2371.664788ms)
ℹ tests 62
ℹ suites 0
ℹ pass 62
ℹ fail 0
ℹ cancelled 0
ℹ skipped 0
ℹ todo 0
ℹ duration_ms 63203.764127
