✖ captain cli first binding and bound resume use only exact home on 2d833ff1 (1706.565668ms)
ℹ tests 1
ℹ suites 0
ℹ pass 0
ℹ fail 1
ℹ cancelled 0
ℹ skipped 0
ℹ todo 0
ℹ duration_ms 2009.069566

✖ failing tests:

test at server.captain-startup.test.mjs:32:57
✖ captain cli first binding and bound resume use only exact home on 2d833ff1 (1706.565668ms)
  AssertionError [ERR_ASSERTION]: Captain is not ready (native home binding): Native setup failed; captain is not ready: Host command too long (10496 > 10000). Stage bulky payloads with writeHostBytes.. Inspect this prerequisite before retry; no native session startup was attempted by deck.

  1 !== 0

      at TestContext.<anonymous> (file:///root/github_projects/bb-plugin-firstmate-launch-pr-lifecycle/server.captain-startup.test.mjs:35:152)
      at async Test.run (node:internal/test_runner/test:1332:7)
      at async startSubtestAfterBootstrap (node:internal/test_runner/harness:385:3) {
    generatedMessage: false,
    code: 'ERR_ASSERTION',
    actual: 1,
    expected: 0,
    operator: 'strictEqual',
    diff: 'simple'
  }
