✖ public methods selection persists for new captains and exposes only role-owned verified references (122.044585ms)
ℹ tests 1
ℹ suites 0
ℹ pass 0
ℹ fail 1
ℹ cancelled 0
ℹ skipped 0
ℹ todo 0
ℹ duration_ms 439.455985

✖ failing tests:

test at server.methods.test.mjs:166:1
✖ public methods selection persists for new captains and exposes only role-owned verified references (122.044585ms)
  AssertionError [ERR_ASSERTION]: Expected values to be strictly equal:
  + actual - expected
  
  + undefined
  - true
  
      at TestContext.<anonymous> (file:///root/github_projects/bb-plugin-firstmate-launch-pr-lifecycle/server.methods.test.mjs:181:88)
      at async Test.run (node:internal/test_runner/test:1332:7)
      at async startSubtestAfterBootstrap (node:internal/test_runner/harness:385:3) {
    generatedMessage: true,
    code: 'ERR_ASSERTION',
    actual: undefined,
    expected: true,
    operator: 'strictEqual',
    diff: 'simple'
  }
