✖ captain tool activity is folded by default (135.533984ms)
ℹ tests 1
ℹ suites 0
ℹ pass 0
ℹ fail 1
ℹ cancelled 0
ℹ skipped 0
ℹ todo 0
ℹ duration_ms 518.959798

✖ failing tests:

test at server.test.ts:236:1
✖ captain tool activity is folded by default (135.533984ms)
  AssertionError [ERR_ASSERTION]: firstmate_methods should be low-noise
  + actual - expected
  
  + undefined
  - true
  
      at TestContext.<anonymous> (file:///root/github_projects/bb-plugin-firstmate-launch-pr-lifecycle/server.test.ts:242:14)
      at async Test.run (node:internal/test_runner/test:1332:7)
      at async startSubtestAfterBootstrap (node:internal/test_runner/harness:385:3) {
    generatedMessage: false,
    code: 'ERR_ASSERTION',
    actual: undefined,
    expected: true,
    operator: 'strictEqual',
    diff: 'simple'
  }
