✖ native defaults route through actual configuration across resume and reload without side effects (92.605382ms)
ℹ tests 1
ℹ suites 0
ℹ pass 0
ℹ fail 1
ℹ cancelled 0
ℹ skipped 0
ℹ todo 0
ℹ duration_ms 375.82721

✖ failing tests:

test at server.methods.test.mjs:25:1
✖ native defaults route through actual configuration across resume and reload without side effects (92.605382ms)
  AssertionError [ERR_ASSERTION]: The input was expected to not match the regular expression /captain-methods|worker-methods|Calm reporting/. Input:
  
  "Before orchestrating, call firstmate_deck (ACP/CLI: bb firstmate deck --json) to bind this thread's native home, then read firstmate_contract without a section and follow every cursor (ACP/CLI: bb firstmate contract --paged, then --cursor) for the complete native supervisor contract and its selected-runtime skill trigger catalog. If the startup digest is absent, run deck's exact command through your agent shell; firstmate_fm script=session-start returns it again. Failed prerequisites, lock refusal or a truncated digest remain unresolved. BB adapter for every upstream firstmate skill: The complete native supervisor contract and imported upstream skills own policy; the following mappings only adapt execution to BB. Translate bin/fm-<name>.sh calls to firstmate_fm with script=<name> and the same arguments; use bb firstmate fm <name> only when a shell command is required. Load native policy skills and their references with firstmate_skill (ACP/CLI: bb firstmate skill <name> [reference] [--source <selected-root source-file>] --paged), following every returned cursor to the end marker; it reads this captain’s selected runtime. Native AGENTS.md means firstmate_contract; bin and docs mean the selected runtime, while data, state and config mean the exact bound captain home returned by deck. Map workers, panes, and tabs to BB crew threads via firstmate_dispatch/tell/interrupt/retry/stop. Call firstmate_watch once per batch; it hands off to private durable wakes. End the turn; never retry or poll. Use BB interactions for captain questions and approvals. firstmate_deliveries retains open PRs after worker retirement and wake acknowledgement. Continue authorized review/fix/merge work using the author for fixes and preserving the agreed native review and validation path, including independent review when required; merge through firstmate_merge. Inspect unresolved delivery records after compaction or handoff. Run firstmate_toolchain for native dependency detection. For browser work use the /browser skill and browser_script (or bb browser script), with profileId unset for the thread-isolated default. This replaces native chrome-devtools-axi transport. Read config/lavish-axi-host for remote Lavish access and use bb connect expose for a board the captain should see. Treat tmux, herdr, zellij, cmux, orca, and harness-specific hook setup as reference material unless the active backend explicitly names that runtime. Installation-selected BB methods (native policy remains owner): use firstmate_methods action=read name=captain-methods. Trigger branches: assignment/handoff/completion coverage; consequential decision trail; scoped investigation/design/independent review; history/reflection/preferences only when explicitly requested. Read only the triggered reference, following every cursor. Methods grant no new reviewer, merge, reporting or execution authority."
  
      at TestContext.<anonymous> (file:///root/github_projects/bb-plugin-firstmate-launch-pr-lifecycle/server.methods.test.mjs:53:18)
      at async Test.run (node:internal/test_runner/test:1332:7)
      at async startSubtestAfterBootstrap (node:internal/test_runner/harness:385:3) {
    generatedMessage: true,
    code: 'ERR_ASSERTION',
    actual: "Before orchestrating, call firstmate_deck (ACP/CLI: bb firstmate deck --json) to bind this thread's native home, then read firstmate_contract without a section and follow every cursor (ACP/CLI: bb firstmate contract --paged, then --cursor) for the complete native supervisor contract and its selected-runtime skill trigger catalog. If the startup digest is absent, run deck's exact command through your agent shell; firstmate_fm script=session-start returns it again. Failed prerequisites, lock refusal or a truncated digest remain unresolved. BB adapter for every upstream firstmate skill: The complete native supervisor contract and imported upstream skills own policy; the following mappings only adapt execution to BB. Translate bin/fm-<name>.sh calls to firstmate_fm with script=<name> and the same arguments; use bb firstmate fm <name> only when a shell command is required. Load native policy skills and their references with firstmate_skill (ACP/CLI: bb firstmate skill <name> [reference] [--source <selected-root source-file>] --paged), following every returned cursor to the end marker; it reads this captain’s selected runtime. Native AGENTS.md means firstmate_contract; bin and docs mean the selected runtime, while data, state and config mean the exact bound captain home returned by deck. Map workers, panes, and tabs to BB crew threads via firstmate_dispatch/tell/interrupt/retry/stop. Call firstmate_watch once per batch; it hands off to private durable wakes. End the turn; never retry or poll. Use BB interactions for captain questions and approvals. firstmate_deliveries retains open PRs after worker retirement and wake acknowledgement. Continue authorized review/fix/merge work using the author for fixes and preserving the agreed native review and validation path, including independent review when required; merge through firstmate_merge. Inspect unresolved delivery records after compaction or handoff. Run firstmate_toolchain for native dependency detection. For browser work use the /browser skill and browser_script (or bb browser script), with profileId unset for the thread-isolated default. This replaces native chrome-devtools-axi transport. Read config/lavish-axi-host for remote Lavish access and use bb connect expose for a board the captain should see. Treat tmux, herdr, zellij, cmux, orca, and harness-specific hook setup as reference material unless the active backend explicitly names that runtime. Installation-selected BB methods (native policy remains owner): use firstmate_methods action=read name=captain-methods. Trigger branches: assignment/handoff/completion coverage; consequential decision trail; scoped investigation/design/independent review; history/reflection/preferences only when explicitly requested. Read only the triggered reference, following every cursor. Methods grant no new reviewer, merge, reporting or execution authority.",
    expected: /captain-methods|worker-methods|Calm reporting/,
    operator: 'doesNotMatch',
    diff: 'simple'
  }
