✖ explicit installation PR source survives reload and unreadable foreign aliases without bypassing BB content guards (145.820414ms)
ℹ tests 1
ℹ suites 0
ℹ pass 0
ℹ fail 1
ℹ cancelled 0
ℹ skipped 0
ℹ todo 0
ℹ duration_ms 468.784699

✖ failing tests:

test at server.methods.test.mjs:246:1
✖ explicit installation PR source survives reload and unreadable foreign aliases without bypassing BB content guards (145.820414ms)
  AssertionError [ERR_ASSERTION]: {"content":[{"type":"text","text":"BB refuses symlink root"},{"type":"text","text":"⁢⁣⁢⁣⁢"}],"isError":true}
  
  'object' !== 'string'
  
      at TestContext.<anonymous> (file:///root/github_projects/bb-plugin-firstmate-launch-pr-lifecycle/server.methods.test.mjs:258:161)
      at async Test.run (node:internal/test_runner/test:1332:7)
      at async startSubtestAfterBootstrap (node:internal/test_runner/harness:385:3) {
    generatedMessage: false,
    code: 'ERR_ASSERTION',
    actual: 'object',
    expected: 'string',
    operator: 'strictEqual',
    diff: 'simple'
  }
