✔ registered local-only tool/CLI preserve branch delivery, exclude PR obligations and refuse conflicting contracts before spawn (186.903622ms)
✔ queued local-only intake keeps branch and unresolved mode defers its default until dispatch (146.14402ms)
✔ replacement validates reasoning on the reused host before stopping and records actual execution (133.345061ms)
✔ uncertain replacement reconciles its reserved slot at capacity before any fresh attempt (137.976592ms)
✔ dispatch admission fixes actual concurrent cap probe; finished scout promotion also reserves capacity (142.402311ms)
✔ native bridge seeds role/home/generation before initial configuration and never invokes mark after creation (110.201703ms)
✔ internal bridge refuses without native admission, and unsupported options create no launch records (87.185348ms)
✔ background PR follow-up survives reload, forgotten worker, stale lookup and manager loss with project scoped UI/RPC (180.338059ms)
✔ same-task concurrent backlog dispatch creates one worker and preserves its queue identity (132.008248ms)
✔ reload during creation reconciles seeded worker identity before retry and never kills a slow worker (92.031847ms)
✔ forgotten running worker still occupies admission capacity (78.803244ms)
✔ promotion stores a complete durable report and preserves the project delivery mode (117.600312ms)
✔ native seeded secondmate role and child home exist at initial configuration (110.411982ms)
✔ owned launch metadata recovers scoped orphan PR references without claiming scout or foreign URLs (116.670518ms)
✔ caller cancellation during external creation persists uncertainty without stopping the worker (105.859351ms)
✔ missed manager deletion is surfaced after restart; inventory failures preserve stale ownership (82.627569ms)
✔ factory metadata adoption and dispatch recovery preserve required verification through discovery and merge (278.997513ms)
✔ CLI and tool registration inherit original contract; queue and promotion carry it to creation (169.59877ms)
✔ hung discovery is bounded per item and does not starve other PRs or future registered scans (131.811548ms)
✔ registered follow-up disposal settles hung discovery and notification recovery reads (169.233947ms)
✔ late terminal identity is closed once after disposal with no terminal reads or continuation (69.5406ms)
✔ partial handoff preserves failed worker task, launch, decision and PR ownership while transferring orphan obligations (152.643412ms)
✔ forgotten author retains native guarded merge continuation and refuses destructive retirement (144.90084ms)
✔ native guard failure after real bridge creation retains an unadmitted worker and its capacity (136.919175ms)
✔ registered PR schedule parses real PTY forge reads for discovery and merge verification; command failures stay stale (1039.59424ms)
✔ native creation provisioning releases capacity only on exact core deletion and retains contract across reload (145.148817ms)
✔ PR-only delivered artifact remains monitored across reload; baseline follow-up never hides an independent CI failure (231.416129ms)
✔ recorded standing yolo reaches the native guard without a fresh merge ask; legacy provenance and actual user holds remain explicit (82.098594ms)
✔ durable launch orphan discovery preserves native task mode before author continuation publication (112.763528ms)
✔ registered supervisor tool and CLI mutations refuse worker identities before publication while captain dispatch remains available (126.970378ms)
✔ routed child intake survives reload and interrupted crew publication without resending or adopting supervisor defaults (114.584306ms)
✔ unknown secondmate send retains full child request and refuses duplicate handoff after reload (118.406447ms)
✔ same-id secondmate child operations remain scoped after route and child publication (117.802719ms)
✔ route-only retirement permits the verified secondmate supervisor while genuine retired workers remain excluded (131.830447ms)
✔ cold-entry tool instructions retain exact native supervisor role across binding and later turns, excluding workers (145.911036ms)
✔ bounded registered contract pages 2d833ff1 survive ACP preview and restart with exact captain isolation (5166.349616ms)
✔ bounded registered contract pages 1f3e7696 survive ACP preview and restart with exact captain isolation (3716.849147ms)
✔ bounded native skill reads 2d833ff1 preserve large bytes through tool and CLI continuation after reload (2151.069627ms)
✔ bounded native skill reads 1f3e7696 preserve large bytes through tool and CLI continuation after reload (2556.141724ms)
✔ public diagnostic inventory preserves folded native descriptions and all trigger branches without becoming role policy (1533.871877ms)
✔ oversized Unicode reference identity refuses an unusable cursor without shortening the operator document (829.914517ms)
✔ native dispatch intake 2d833ff1 writes branch brief then resolves then owns backlog before attempted guarded BB spawn (2383.462348ms)
✔ native dispatch intake 1f3e7696 writes branch brief then resolves then owns backlog before attempted guarded BB spawn (2101.762316ms)
✔ selected 2d833ff1 native policy and complete contract through registered CLI/tool, composed with transport only (2787.401763ms)
✔ selected 1f3e7696 native policy and complete contract through registered CLI/tool, composed with transport only (2393.204518ms)
✔ unknown policy, changed bytes, traversal and foreign references refuse without fallback or execution (908.358963ms)
✔ native relative references 2d833ff1 resolve complete tracked documents and nested source links (19871.610165ms)
✔ native relative references 1f3e7696 resolve complete tracked documents and nested source links (15889.113206ms)
✔ trigger catalog stays complete and isolated to each selected captain runtime; corruption refuses completion (1693.507341ms)
✔ unbound captain cannot consume the global policy root even in compatibility mode (367.552802ms)
✔ reference escapes, symlinks, changed source/target and truncated SDK transfers cannot report a complete policy read (2095.64857ms)
✔ policy staging failure never reads a target or claims completed trigger inventory (371.113636ms)
✔ registered CLI help describes actual dispatch and queue execution/gates; parser carries the complete spec (422.87922ms)
✔ native posture 2d833ff1 remains intake context and standing authority with legacy provenance visible (1406.13798ms)
✔ native posture 1f3e7696 remains intake context and standing authority with legacy provenance visible (1214.996926ms)
✔ bundled policy skill and references use the selected immutable runtime, not an external repository (2028.937732ms)
✔ accepted dispatch intent and specification 2d833ff1 reach real native briefs and rendered workers without tail loss (4232.762873ms)
✔ accepted dispatch intent and specification 1f3e7696 reach real native briefs and rendered workers without tail loss (4579.553415ms)
✔ worker CLI exact inbox and native status notification 2d833ff1 remain callable while foreign task and supervisor bridge refuse (981.949026ms)
✔ worker CLI exact inbox and native status notification 1f3e7696 remain callable while foreign task and supervisor bridge refuse (864.480796ms)
✔ secondmate public dispatch 2d833ff1 carries exact child intake independently of supervisor execution through native child brief (1835.295352ms)
✔ secondmate public dispatch 1f3e7696 carries exact child intake independently of supervisor execution through native child brief (1783.490227ms)
ℹ tests 62
ℹ suites 0
ℹ pass 62
ℹ fail 0
ℹ cancelled 0
ℹ skipped 0
ℹ todo 0
ℹ duration_ms 86703.222781
