✖ secondmate public dispatch 2d833ff1 carries exact child intake independently of supervisor execution through native child brief (822.490741ms)
✖ secondmate public dispatch 1f3e7696 carries exact child intake independently of supervisor execution through native child brief (823.245217ms)
ℹ tests 2
ℹ suites 0
ℹ pass 0
ℹ fail 2
ℹ cancelled 0
ℹ skipped 0
ℹ todo 0
ℹ duration_ms 2002.577202

✖ failing tests:

test at server.native-policy.test.mjs:466:23
✖ secondmate public dispatch 2d833ff1 carries exact child intake independently of supervisor execution through native child brief (822.490741ms)
  AssertionError [ERR_ASSERTION]: handoff must expose the exact structured child request
      at TestContext.<anonymous> (file:///root/github_projects/bb-plugin-firstmate-launch-pr-lifecycle/server.native-policy.test.mjs:482:108)
      at async Test.run (node:internal/test_runner/test:1332:7)
      at async startSubtestAfterBootstrap (node:internal/test_runner/harness:385:3) {
    generatedMessage: false,
    code: 'ERR_ASSERTION',
    actual: null,
    expected: true,
    operator: '==',
    diff: 'simple'
  }

test at server.native-policy.test.mjs:466:23
✖ secondmate public dispatch 1f3e7696 carries exact child intake independently of supervisor execution through native child brief (823.245217ms)
  AssertionError [ERR_ASSERTION]: handoff must expose the exact structured child request
      at TestContext.<anonymous> (file:///root/github_projects/bb-plugin-firstmate-launch-pr-lifecycle/server.native-policy.test.mjs:482:108)
      at async Test.run (node:internal/test_runner/test:1332:7)
      at async Test.processPendingSubtests (node:internal/test_runner/test:911:7) {
    generatedMessage: false,
    code: 'ERR_ASSERTION',
    actual: null,
    expected: true,
    operator: '==',
    diff: 'simple'
  }
