TAP version 13
# Subtest: native 2d833ff1 backlog pairing and closed-task refusal are authoritative
ok 1 - native 2d833ff1 backlog pairing and closed-task refusal are authoritative
  ---
  duration_ms: 5138.476025
  type: 'test'
  ...
# Subtest: native 1f3e7696 backlog pairing and closed-task refusal are authoritative
ok 2 - native 1f3e7696 backlog pairing and closed-task refusal are authoritative
  ---
  duration_ms: 3894.044904
  type: 'test'
  ...
# Subtest: native 2d833ff1 interrupted metadata/backlog publication retries the same endpoint
ok 3 - native 2d833ff1 interrupted metadata/backlog publication retries the same endpoint
  ---
  duration_ms: 4262.485659
  type: 'test'
  ...
# Subtest: native 1f3e7696 interrupted metadata/backlog publication retries the same endpoint
ok 4 - native 1f3e7696 interrupted metadata/backlog publication retries the same endpoint
  ---
  duration_ms: 4561.996482
  type: 'test'
  ...
1..4
# tests 4
# suites 0
# pass 4
# fail 0
# cancelled 0
# skipped 0
# todo 0
# duration_ms 18189.634719
