✖ public PR reads refuse oversized UTF-8 or escaped provenance and complete serialized pages without truncation (88.260219ms)
ℹ tests 1
ℹ suites 0
ℹ pass 0
ℹ fail 1
ℹ cancelled 0
ℹ skipped 0
ℹ todo 0
ℹ duration_ms 378.470576

✖ failing tests:

test at server.methods.test.mjs:255:1
✖ public PR reads refuse oversized UTF-8 or escaped provenance and complete serialized pages without truncation (88.260219ms)
  AssertionError [ERR_ASSERTION]: over-budget read must refuse, not shorten source evidence or body
  + actual - expected
  
  + undefined
  - true
  
      at TestContext.<anonymous> (file:///root/github_projects/bb-plugin-firstmate-launch-pr-lifecycle/server.methods.test.mjs:271:75)
      at async Test.run (node:internal/test_runner/test:1332:7)
      at async startSubtestAfterBootstrap (node:internal/test_runner/harness:385:3) {
    generatedMessage: false,
    code: 'ERR_ASSERTION',
    actual: undefined,
    expected: true,
    operator: 'strictEqual',
    diff: 'simple'
  }
